Command line invocation:
    /Applications/Xcode.app/Contents/Developer/usr/bin/xcodebuild -project FMS.xcodeproj -scheme FMS -configuration Debug -sdk iphonesimulator -destination "platform=iOS Simulator,name=iPhone 17 Pro" build

Build settings from command line:
    SDKROOT = iphonesimulator26.2

Resolve Package Graph


Resolved source packages:
  swift-asn1: https://github.com/apple/swift-asn1.git @ 1.5.1
  Supabase: https://github.com/supabase/supabase-swift @ 2.41.1
  xctest-dynamic-overlay: https://github.com/pointfreeco/xctest-dynamic-overlay @ 1.9.0
  swift-http-types: https://github.com/apple/swift-http-types.git @ 1.5.1
  swift-crypto: https://github.com/apple/swift-crypto.git @ 4.2.0
  swift-clocks: https://github.com/pointfreeco/swift-clocks @ 1.0.6
  swift-concurrency-extras: https://github.com/pointfreeco/swift-concurrency-extras @ 1.3.2

ComputePackagePrebuildTargetDependencyGraph

Prepare packages

CreateBuildRequest

SendProjectDescription

CreateBuildOperation

ComputeTargetDependencyGraph
note: Building targets in dependency order
note: Target dependency graph (27 targets)
    Target 'FMS' in project 'FMS'
        ➜ Explicit dependency on target 'Supabase' in project 'Supabase'
        ➜ Explicit dependency on target 'PostgREST' in project 'Supabase'
        ➜ Explicit dependency on target 'Storage' in project 'Supabase'
        ➜ Explicit dependency on target 'Functions' in project 'Supabase'
        ➜ Explicit dependency on target 'Auth' in project 'Supabase'
    Target 'Auth' in project 'Supabase'
        ➜ Explicit dependency on target 'Auth' in project 'Supabase'
        ➜ Explicit dependency on target 'Helpers' in project 'Supabase'
        ➜ Explicit dependency on target 'ConcurrencyExtras' in project 'swift-concurrency-extras'
        ➜ Explicit dependency on target 'HTTPTypes' in project 'swift-http-types'
        ➜ Explicit dependency on target 'Clocks' in project 'swift-clocks'
        ➜ Explicit dependency on target 'XCTestDynamicOverlay' in project 'xctest-dynamic-overlay'
        ➜ Explicit dependency on target 'Crypto' in project 'swift-crypto'
    Target 'Functions' in project 'Supabase'
        ➜ Explicit dependency on target 'Functions' in project 'Supabase'
        ➜ Explicit dependency on target 'Helpers' in project 'Supabase'
        ➜ Explicit dependency on target 'ConcurrencyExtras' in project 'swift-concurrency-extras'
        ➜ Explicit dependency on target 'HTTPTypes' in project 'swift-http-types'
        ➜ Explicit dependency on target 'Clocks' in project 'swift-clocks'
        ➜ Explicit dependency on target 'XCTestDynamicOverlay' in project 'xctest-dynamic-overlay'
    Target 'Storage' in project 'Supabase'
        ➜ Explicit dependency on target 'Storage' in project 'Supabase'
        ➜ Explicit dependency on target 'Helpers' in project 'Supabase'
        ➜ Explicit dependency on target 'ConcurrencyExtras' in project 'swift-concurrency-extras'
        ➜ Explicit dependency on target 'HTTPTypes' in project 'swift-http-types'
        ➜ Explicit dependency on target 'Clocks' in project 'swift-clocks'
        ➜ Explicit dependency on target 'XCTestDynamicOverlay' in project 'xctest-dynamic-overlay'
    Target 'PostgREST' in project 'Supabase'
        ➜ Explicit dependency on target 'PostgREST' in project 'Supabase'
        ➜ Explicit dependency on target 'Helpers' in project 'Supabase'
        ➜ Explicit dependency on target 'ConcurrencyExtras' in project 'swift-concurrency-extras'
        ➜ Explicit dependency on target 'HTTPTypes' in project 'swift-http-types'
        ➜ Explicit dependency on target 'Clocks' in project 'swift-clocks'
        ➜ Explicit dependency on target 'XCTestDynamicOverlay' in project 'xctest-dynamic-overlay'
    Target 'Supabase' in project 'Supabase'
        ➜ Explicit dependency on target 'Supabase' in project 'Supabase'
        ➜ Explicit dependency on target 'Functions' in project 'Supabase'
        ➜ Explicit dependency on target 'PostgREST' in project 'Supabase'
        ➜ Explicit dependency on target 'Auth' in project 'Supabase'
        ➜ Explicit dependency on target 'Realtime' in project 'Supabase'
        ➜ Explicit dependency on target 'Storage' in project 'Supabase'
        ➜ Explicit dependency on target 'Helpers' in project 'Supabase'
        ➜ Explicit dependency on target 'ConcurrencyExtras' in project 'swift-concurrency-extras'
        ➜ Explicit dependency on target 'HTTPTypes' in project 'swift-http-types'
        ➜ Explicit dependency on target 'Clocks' in project 'swift-clocks'
        ➜ Explicit dependency on target 'XCTestDynamicOverlay' in project 'xctest-dynamic-overlay'
        ➜ Explicit dependency on target 'Crypto' in project 'swift-crypto'
        ➜ Explicit dependency on target 'IssueReporting' in project 'xctest-dynamic-overlay'
    Target 'Supabase' in project 'Supabase'
        ➜ Explicit dependency on target 'Helpers' in project 'Supabase'
        ➜ Explicit dependency on target 'Auth' in project 'Supabase'
        ➜ Explicit dependency on target 'Functions' in project 'Supabase'
        ➜ Explicit dependency on target 'PostgREST' in project 'Supabase'
        ➜ Explicit dependency on target 'Realtime' in project 'Supabase'
        ➜ Explicit dependency on target 'Storage' in project 'Supabase'
        ➜ Explicit dependency on target 'ConcurrencyExtras' in project 'swift-concurrency-extras'
        ➜ Explicit dependency on target 'HTTPTypes' in project 'swift-http-types'
        ➜ Explicit dependency on target 'Clocks' in project 'swift-clocks'
        ➜ Explicit dependency on target 'XCTestDynamicOverlay' in project 'xctest-dynamic-overlay'
        ➜ Explicit dependency on target 'Crypto' in project 'swift-crypto'
        ➜ Explicit dependency on target 'IssueReporting' in project 'xctest-dynamic-overlay'
    Target 'Storage' in project 'Supabase'
        ➜ Explicit dependency on target 'Helpers' in project 'Supabase'
        ➜ Explicit dependency on target 'ConcurrencyExtras' in project 'swift-concurrency-extras'
        ➜ Explicit dependency on target 'HTTPTypes' in project 'swift-http-types'
        ➜ Explicit dependency on target 'Clocks' in project 'swift-clocks'
        ➜ Explicit dependency on target 'XCTestDynamicOverlay' in project 'xctest-dynamic-overlay'
    Target 'Realtime' in project 'Supabase'
        ➜ Explicit dependency on target 'Helpers' in project 'Supabase'
        ➜ Explicit dependency on target 'ConcurrencyExtras' in project 'swift-concurrency-extras'
        ➜ Explicit dependency on target 'HTTPTypes' in project 'swift-http-types'
        ➜ Explicit dependency on target 'Clocks' in project 'swift-clocks'
        ➜ Explicit dependency on target 'XCTestDynamicOverlay' in project 'xctest-dynamic-overlay'
        ➜ Explicit dependency on target 'IssueReporting' in project 'xctest-dynamic-overlay'
    Target 'PostgREST' in project 'Supabase'
        ➜ Explicit dependency on target 'Helpers' in project 'Supabase'
        ➜ Explicit dependency on target 'ConcurrencyExtras' in project 'swift-concurrency-extras'
        ➜ Explicit dependency on target 'HTTPTypes' in project 'swift-http-types'
        ➜ Explicit dependency on target 'Clocks' in project 'swift-clocks'
        ➜ Explicit dependency on target 'XCTestDynamicOverlay' in project 'xctest-dynamic-overlay'
    Target 'Functions' in project 'Supabase'
        ➜ Explicit dependency on target 'Helpers' in project 'Supabase'
        ➜ Explicit dependency on target 'ConcurrencyExtras' in project 'swift-concurrency-extras'
        ➜ Explicit dependency on target 'HTTPTypes' in project 'swift-http-types'
        ➜ Explicit dependency on target 'Clocks' in project 'swift-clocks'
        ➜ Explicit dependency on target 'XCTestDynamicOverlay' in project 'xctest-dynamic-overlay'
    Target 'Auth' in project 'Supabase'
        ➜ Explicit dependency on target 'Helpers' in project 'Supabase'
        ➜ Explicit dependency on target 'ConcurrencyExtras' in project 'swift-concurrency-extras'
        ➜ Explicit dependency on target 'HTTPTypes' in project 'swift-http-types'
        ➜ Explicit dependency on target 'Clocks' in project 'swift-clocks'
        ➜ Explicit dependency on target 'XCTestDynamicOverlay' in project 'xctest-dynamic-overlay'
        ➜ Explicit dependency on target 'Crypto' in project 'swift-crypto'
    Target 'Crypto' in project 'swift-crypto'
        ➜ Explicit dependency on target 'Crypto' in project 'swift-crypto'
        ➜ Explicit dependency on target 'swift-crypto_Crypto' in project 'swift-crypto'
    Target 'Crypto' in project 'swift-crypto'
        ➜ Explicit dependency on target 'swift-crypto_Crypto' in project 'swift-crypto'
    Target 'swift-crypto_Crypto' in project 'swift-crypto' (no dependencies)
    Target 'Helpers' in project 'Supabase'
        ➜ Explicit dependency on target 'ConcurrencyExtras' in project 'swift-concurrency-extras'
        ➜ Explicit dependency on target 'HTTPTypes' in project 'swift-http-types'
        ➜ Explicit dependency on target 'Clocks' in project 'swift-clocks'
        ➜ Explicit dependency on target 'XCTestDynamicOverlay' in project 'xctest-dynamic-overlay'
    Target 'XCTestDynamicOverlay' in project 'xctest-dynamic-overlay'
        ➜ Explicit dependency on target 'XCTestDynamicOverlay' in project 'xctest-dynamic-overlay'
        ➜ Explicit dependency on target 'IssueReportingPackageSupport' in project 'xctest-dynamic-overlay'
        ➜ Explicit dependency on target 'IssueReporting' in project 'xctest-dynamic-overlay'
    Target 'XCTestDynamicOverlay' in project 'xctest-dynamic-overlay'
        ➜ Explicit dependency on target 'IssueReportingPackageSupport' in project 'xctest-dynamic-overlay'
        ➜ Explicit dependency on target 'IssueReporting' in project 'xctest-dynamic-overlay'
    Target 'Clocks' in project 'swift-clocks'
        ➜ Explicit dependency on target 'Clocks' in project 'swift-clocks'
        ➜ Explicit dependency on target 'ConcurrencyExtras' in project 'swift-concurrency-extras'
        ➜ Explicit dependency on target 'IssueReporting' in project 'xctest-dynamic-overlay'
    Target 'Clocks' in project 'swift-clocks'
        ➜ Explicit dependency on target 'ConcurrencyExtras' in project 'swift-concurrency-extras'
        ➜ Explicit dependency on target 'IssueReporting' in project 'xctest-dynamic-overlay'
    Target 'IssueReporting' in project 'xctest-dynamic-overlay'
        ➜ Explicit dependency on target 'IssueReporting' in project 'xctest-dynamic-overlay'
        ➜ Explicit dependency on target 'IssueReportingPackageSupport' in project 'xctest-dynamic-overlay'
    Target 'IssueReporting' in project 'xctest-dynamic-overlay'
        ➜ Explicit dependency on target 'IssueReportingPackageSupport' in project 'xctest-dynamic-overlay'
    Target 'IssueReportingPackageSupport' in project 'xctest-dynamic-overlay' (no dependencies)
    Target 'HTTPTypes' in project 'swift-http-types'
        ➜ Explicit dependency on target 'HTTPTypes' in project 'swift-http-types'
    Target 'HTTPTypes' in project 'swift-http-types' (no dependencies)
    Target 'ConcurrencyExtras' in project 'swift-concurrency-extras'
        ➜ Explicit dependency on target 'ConcurrencyExtras' in project 'swift-concurrency-extras'
    Target 'ConcurrencyExtras' in project 'swift-concurrency-extras' (no dependencies)

GatherProvisioningInputs

CreateBuildDescription

ExecuteExternalTool /Applications/Xcode.app/Contents/Developer/Toolchains/XcodeDefault.xctoolchain/usr/bin/swiftc --version

ExecuteExternalTool /Applications/Xcode.app/Contents/Developer/Toolchains/XcodeDefault.xctoolchain/usr/bin/clang -v -E -dM -isysroot /Applications/Xcode.app/Contents/Developer/Platforms/iPhoneSimulator.platform/Developer/SDKs/iPhoneSimulator26.2.sdk -x c -c /dev/null

ExecuteExternalTool /Applications/Xcode.app/Contents/Developer/usr/bin/actool --print-asset-tag-combinations --output-format xml1 /Users/user10/FMS/FMS/Assets.xcassets

ExecuteExternalTool /Applications/Xcode.app/Contents/Developer/usr/bin/actool --version --output-format xml1

ExecuteExternalTool /Applications/Xcode.app/Contents/Developer/Toolchains/XcodeDefault.xctoolchain/usr/bin/ld -version_details

ReadFileContents /Applications/Xcode.app/Contents/Developer/Toolchains/XcodeDefault.xctoolchain/usr/share/docc/features.json

Build description signature: fb9f83fcc414f75a716bed9e15e5cf12
Build description path: /Users/user10/Library/Developer/Xcode/DerivedData/FMS-copxibfkabtvmrbyolvvxdatkaup/Build/Intermediates.noindex/XCBuildData/fb9f83fcc414f75a716bed9e15e5cf12.xcbuilddata
ClangStatCache /Applications/Xcode.app/Contents/Developer/Toolchains/XcodeDefault.xctoolchain/usr/bin/clang-stat-cache /Applications/Xcode.app/Contents/Developer/Platforms/iPhoneSimulator.platform/Developer/SDKs/iPhoneSimulator26.2.sdk /Users/user10/Library/Developer/Xcode/DerivedData/SDKStatCaches.noindex/iphonesimulator26.2-23C53-7d00a8b37fbd7999ea79df8ebc024bf0.sdkstatcache
    cd /Users/user10/FMS/FMS.xcodeproj
    /Applications/Xcode.app/Contents/Developer/Toolchains/XcodeDefault.xctoolchain/usr/bin/clang-stat-cache /Applications/Xcode.app/Contents/Developer/Platforms/iPhoneSimulator.platform/Developer/SDKs/iPhoneSimulator26.2.sdk -o /Users/user10/Library/Developer/Xcode/DerivedData/SDKStatCaches.noindex/iphonesimulator26.2-23C53-7d00a8b37fbd7999ea79df8ebc024bf0.sdkstatcache

ProcessInfoPlistFile /Users/user10/Library/Developer/Xcode/DerivedData/FMS-copxibfkabtvmrbyolvvxdatkaup/Build/Products/Debug-iphonesimulator/swift-crypto_Crypto.bundle/Info.plist /Users/user10/Library/Developer/Xcode/DerivedData/FMS-copxibfkabtvmrbyolvvxdatkaup/Build/Intermediates.noindex/swift-crypto.build/Debug-iphonesimulator/swift-crypto_Crypto.build/empty-swift-crypto_Crypto.plist (in target 'swift-crypto_Crypto' from project 'swift-crypto')
    cd /Users/user10/Library/Developer/Xcode/DerivedData/FMS-copxibfkabtvmrbyolvvxdatkaup/SourcePackages/checkouts/swift-crypto
    builtin-infoPlistUtility /Users/user10/Library/Developer/Xcode/DerivedData/FMS-copxibfkabtvmrbyolvvxdatkaup/Build/Intermediates.noindex/swift-crypto.build/Debug-iphonesimulator/swift-crypto_Crypto.build/empty-swift-crypto_Crypto.plist -producttype com.apple.product-type.bundle -expandbuildsettings -format binary -platform iphonesimulator -o /Users/user10/Library/Developer/Xcode/DerivedData/FMS-copxibfkabtvmrbyolvvxdatkaup/Build/Products/Debug-iphonesimulator/swift-crypto_Crypto.bundle/Info.plist

ProcessProductPackaging "" /Users/user10/Library/Developer/Xcode/DerivedData/FMS-copxibfkabtvmrbyolvvxdatkaup/Build/Intermediates.noindex/FMS.build/Debug-iphonesimulator/FMS.build/FMS.app-Simulated.xcent (in target 'FMS' from project 'FMS')
    cd /Users/user10/FMS
    
    Entitlements:
    
    {
    "application-identifier" = "5VUB572ZNQ.com.anish.FMS";
}
    
    builtin-productPackagingUtility -entitlements -format xml -o /Users/user10/Library/Developer/Xcode/DerivedData/FMS-copxibfkabtvmrbyolvvxdatkaup/Build/Intermediates.noindex/FMS.build/Debug-iphonesimulator/FMS.build/FMS.app-Simulated.xcent

ExtractAppIntentsMetadata (in target 'XCTestDynamicOverlay' from project 'xctest-dynamic-overlay')
    cd /Users/user10/Library/Developer/Xcode/DerivedData/FMS-copxibfkabtvmrbyolvvxdatkaup/SourcePackages/checkouts/xctest-dynamic-overlay
    /Applications/Xcode.app/Contents/Developer/Toolchains/XcodeDefault.xctoolchain/usr/bin/appintentsmetadataprocessor --toolchain-dir /Applications/Xcode.app/Contents/Developer/Toolchains/XcodeDefault.xctoolchain --module-name XCTestDynamicOverlay --sdk-root /Applications/Xcode.app/Contents/Developer/Platforms/iPhoneSimulator.platform/Developer/SDKs/iPhoneSimulator26.2.sdk --xcode-version 17C52 --platform-family iOS --deployment-target 13.0 --bundle-identifier xctest-dynamic-overlay.XCTestDynamicOverlay --output /Users/user10/Library/Developer/Xcode/DerivedData/FMS-copxibfkabtvmrbyolvvxdatkaup/Build/Products/Debug-iphonesimulator/XCTestDynamicOverlay.appintents --target-triple arm64-apple-ios13.0-simulator --binary-file /Users/user10/Library/Developer/Xcode/DerivedData/FMS-copxibfkabtvmrbyolvvxdatkaup/Build/Products/Debug-iphonesimulator/XCTestDynamicOverlay.o --dependency-file /Users/user10/Library/Developer/Xcode/DerivedData/FMS-copxibfkabtvmrbyolvvxdatkaup/Build/Intermediates.noindex/xctest-dynamic-overlay.build/Debug-iphonesimulator/XCTestDynamicOverlay.build/Objects-normal/arm64/XCTestDynamicOverlay_dependency_info.dat --stringsdata-file /Users/user10/Library/Developer/Xcode/DerivedData/FMS-copxibfkabtvmrbyolvvxdatkaup/Build/Intermediates.noindex/xctest-dynamic-overlay.build/Debug-iphonesimulator/XCTestDynamicOverlay.build/Objects-normal/arm64/ExtractedAppShortcutsMetadata.stringsdata --source-file-list /Users/user10/Library/Developer/Xcode/DerivedData/FMS-copxibfkabtvmrbyolvvxdatkaup/Build/Intermediates.noindex/xctest-dynamic-overlay.build/Debug-iphonesimulator/XCTestDynamicOverlay.build/Objects-normal/arm64/XCTestDynamicOverlay.SwiftFileList --metadata-file-list /Users/user10/Library/Developer/Xcode/DerivedData/FMS-copxibfkabtvmrbyolvvxdatkaup/Build/Intermediates.noindex/xctest-dynamic-overlay.build/Debug-iphonesimulator/XCTestDynamicOverlay.build/XCTestDynamicOverlay.DependencyMetadataFileList --static-metadata-file-list /Users/user10/Library/Developer/Xcode/DerivedData/FMS-copxibfkabtvmrbyolvvxdatkaup/Build/Intermediates.noindex/xctest-dynamic-overlay.build/Debug-iphonesimulator/XCTestDynamicOverlay.build/XCTestDynamicOverlay.DependencyStaticMetadataFileList --swift-const-vals-list /Users/user10/Library/Developer/Xcode/DerivedData/FMS-copxibfkabtvmrbyolvvxdatkaup/Build/Intermediates.noindex/xctest-dynamic-overlay.build/Debug-iphonesimulator/XCTestDynamicOverlay.build/Objects-normal/arm64/XCTestDynamicOverlay.SwiftConstValuesFileList --force --compile-time-extraction --deployment-aware-processing --validate-assistant-intents --no-app-shortcuts-localization
2026-03-15 11:09:40.834 appintentsmetadataprocessor[89973:2332085] Starting appintentsmetadataprocessor export
2026-03-15 11:09:40.917 appintentsmetadataprocessor[89973:2332085] Extracted no relevant App Intents symbols, skipping writing output

ProcessProductPackagingDER /Users/user10/Library/Developer/Xcode/DerivedData/FMS-copxibfkabtvmrbyolvvxdatkaup/Build/Intermediates.noindex/FMS.build/Debug-iphonesimulator/FMS.build/FMS.app-Simulated.xcent /Users/user10/Library/Developer/Xcode/DerivedData/FMS-copxibfkabtvmrbyolvvxdatkaup/Build/Intermediates.noindex/FMS.build/Debug-iphonesimulator/FMS.build/FMS.app-Simulated.xcent.der (in target 'FMS' from project 'FMS')
    cd /Users/user10/FMS
    /usr/bin/derq query -f xml -i /Users/user10/Library/Developer/Xcode/DerivedData/FMS-copxibfkabtvmrbyolvvxdatkaup/Build/Intermediates.noindex/FMS.build/Debug-iphonesimulator/FMS.build/FMS.app-Simulated.xcent -o /Users/user10/Library/Developer/Xcode/DerivedData/FMS-copxibfkabtvmrbyolvvxdatkaup/Build/Intermediates.noindex/FMS.build/Debug-iphonesimulator/FMS.build/FMS.app-Simulated.xcent.der --raw

SwiftDriver FMS normal arm64 com.apple.xcode.tools.swift.compiler (in target 'FMS' from project 'FMS')
    cd /Users/user10/FMS
    builtin-SwiftDriver -- /Applications/Xcode.app/Contents/Developer/Toolchains/XcodeDefault.xctoolchain/usr/bin/swiftc -module-name FMS -Onone -enforce-exclusivity\=checked @/Users/user10/Library/Developer/Xcode/DerivedData/FMS-copxibfkabtvmrbyolvvxdatkaup/Build/Intermediates.noindex/FMS.build/Debug-iphonesimulator/FMS.build/Objects-normal/arm64/FMS.SwiftFileList -DDEBUG -default-isolation\=MainActor -enable-bare-slash-regex -enable-upcoming-feature DisableOutwardActorInference -enable-upcoming-feature InferSendableFromCaptures -enable-upcoming-feature GlobalActorIsolatedTypesUsability -enable-upcoming-feature MemberImportVisibility -enable-upcoming-feature InferIsolatedConformances -enable-upcoming-feature NonisolatedNonsendingByDefault -enable-experimental-feature DebugDescriptionMacro -sdk /Applications/Xcode.app/Contents/Developer/Platforms/iPhoneSimulator.platform/Developer/SDKs/iPhoneSimulator26.2.sdk -target arm64-apple-ios26.2-simulator -g -module-cache-path /Users/user10/Library/Developer/Xcode/DerivedData/ModuleCache.noindex -Xfrontend -serialize-debugging-options -enable-testing -index-store-path /Users/user10/Library/Developer/Xcode/DerivedData/FMS-copxibfkabtvmrbyolvvxdatkaup/Index.noindex/DataStore -Xcc -D_LIBCPP_HARDENING_MODE\=_LIBCPP_HARDENING_MODE_DEBUG -swift-version 5 -I /Users/user10/Library/Developer/Xcode/DerivedData/FMS-copxibfkabtvmrbyolvvxdatkaup/Build/Products/Debug-iphonesimulator -F /Users/user10/Library/Developer/Xcode/DerivedData/FMS-copxibfkabtvmrbyolvvxdatkaup/Build/Products/Debug-iphonesimulator/PackageFrameworks -F /Users/user10/Library/Developer/Xcode/DerivedData/FMS-copxibfkabtvmrbyolvvxdatkaup/Build/Products/Debug-iphonesimulator/PackageFrameworks -F /Users/user10/Library/Developer/Xcode/DerivedData/FMS-copxibfkabtvmrbyolvvxdatkaup/Build/Products/Debug-iphonesimulator/PackageFrameworks -F /Users/user10/Library/Developer/Xcode/DerivedData/FMS-copxibfkabtvmrbyolvvxdatkaup/Build/Products/Debug-iphonesimulator/PackageFrameworks -F /Users/user10/Library/Developer/Xcode/DerivedData/FMS-copxibfkabtvmrbyolvvxdatkaup/Build/Products/Debug-iphonesimulator/PackageFrameworks -F /Users/user10/Library/Developer/Xcode/DerivedData/FMS-copxibfkabtvmrbyolvvxdatkaup/Build/Products/Debug-iphonesimulator/PackageFrameworks -F /Users/user10/Library/Developer/Xcode/DerivedData/FMS-copxibfkabtvmrbyolvvxdatkaup/Build/Products/Debug-iphonesimulator/PackageFrameworks -F /Users/user10/Library/Developer/Xcode/DerivedData/FMS-copxibfkabtvmrbyolvvxdatkaup/Build/Products/Debug-iphonesimulator/PackageFrameworks -F /Users/user10/Library/Developer/Xcode/DerivedData/FMS-copxibfkabtvmrbyolvvxdatkaup/Build/Products/Debug-iphonesimulator/PackageFrameworks -F /Users/user10/Library/Developer/Xcode/DerivedData/FMS-copxibfkabtvmrbyolvvxdatkaup/Build/Products/Debug-iphonesimulator/PackageFrameworks -F /Users/user10/Library/Developer/Xcode/DerivedData/FMS-copxibfkabtvmrbyolvvxdatkaup/Build/Products/Debug-iphonesimulator/PackageFrameworks -F /Users/user10/Library/Developer/Xcode/DerivedData/FMS-copxibfkabtvmrbyolvvxdatkaup/Build/Products/Debug-iphonesimulator/PackageFrameworks -F /Users/user10/Library/Developer/Xcode/DerivedData/FMS-copxibfkabtvmrbyolvvxdatkaup/Build/Products/Debug-iphonesimulator/PackageFrameworks -F /Users/user10/Library/Developer/Xcode/DerivedData/FMS-copxibfkabtvmrbyolvvxdatkaup/Build/Products/Debug-iphonesimulator/PackageFrameworks -F /Users/user10/Library/Developer/Xcode/DerivedData/FMS-copxibfkabtvmrbyolvvxdatkaup/Build/Products/Debug-iphonesimulator -emit-localized-strings -emit-localized-strings-path /Users/user10/Library/Developer/Xcode/DerivedData/FMS-copxibfkabtvmrbyolvvxdatkaup/Build/Intermediates.noindex/FMS.build/Debug-iphonesimulator/FMS.build/Objects-normal/arm64 -c -j8 -enable-batch-mode -incremental -Xcc -ivfsstatcache -Xcc /Users/user10/Library/Developer/Xcode/DerivedData/SDKStatCaches.noindex/iphonesimulator26.2-23C53-7d00a8b37fbd7999ea79df8ebc024bf0.sdkstatcache -output-file-map /Users/user10/Library/Developer/Xcode/DerivedData/FMS-copxibfkabtvmrbyolvvxdatkaup/Build/Intermediates.noindex/FMS.build/Debug-iphonesimulator/FMS.build/Objects-normal/arm64/FMS-OutputFileMap.json -use-frontend-parseable-output -save-temps -no-color-diagnostics -explicit-module-build -module-cache-path /Users/user10/Library/Developer/Xcode/DerivedData/FMS-copxibfkabtvmrbyolvvxdatkaup/Build/Intermediates.noindex/SwiftExplicitPrecompiledModules -clang-scanner-module-cache-path /Users/user10/Library/Developer/Xcode/DerivedData/ModuleCache.noindex -sdk-module-cache-path /Users/user10/Library/Developer/Xcode/DerivedData/ModuleCache.noindex -serialize-diagnostics -emit-dependencies -emit-module -emit-module-path /Users/user10/Library/Developer/Xcode/DerivedData/FMS-copxibfkabtvmrbyolvvxdatkaup/Build/Intermediates.noindex/FMS.build/Debug-iphonesimulator/FMS.build/Objects-normal/arm64/FMS.swiftmodule -validate-clang-modules-once -clang-build-session-file /Users/user10/Library/Developer/Xcode/DerivedData/ModuleCache.noindex/Session.modulevalidation -Xcc -I/Users/user10/Library/Developer/Xcode/DerivedData/FMS-copxibfkabtvmrbyolvvxdatkaup/Build/Intermediates.noindex/FMS.build/Debug-iphonesimulator/FMS.build/swift-overrides.hmap -emit-const-values -Xfrontend -const-gather-protocols-file -Xfrontend /Users/user10/Library/Developer/Xcode/DerivedData/FMS-copxibfkabtvmrbyolvvxdatkaup/Build/Intermediates.noindex/FMS.build/Debug-iphonesimulator/FMS.build/Objects-normal/arm64/FMS_const_extract_protocols.json -Xcc -iquote -Xcc /Users/user10/Library/Developer/Xcode/DerivedData/FMS-copxibfkabtvmrbyolvvxdatkaup/Build/Intermediates.noindex/FMS.build/Debug-iphonesimulator/FMS.build/FMS-generated-files.hmap -Xcc -I/Users/user10/Library/Developer/Xcode/DerivedData/FMS-copxibfkabtvmrbyolvvxdatkaup/Build/Intermediates.noindex/FMS.build/Debug-iphonesimulator/FMS.build/FMS-own-target-headers.hmap -Xcc -I/Users/user10/Library/Developer/Xcode/DerivedData/FMS-copxibfkabtvmrbyolvvxdatkaup/Build/Intermediates.noindex/FMS.build/Debug-iphonesimulator/FMS.build/FMS-all-non-framework-target-headers.hmap -Xcc -ivfsoverlay -Xcc /Users/user10/Library/Developer/Xcode/DerivedData/FMS-copxibfkabtvmrbyolvvxdatkaup/Build/Intermediates.noindex/FMS.build/Debug-iphonesimulator/FMS-09ac764f5f6a6aaea0b26801b5883ea5-VFS-iphonesimulator/all-product-headers.yaml -Xcc -iquote -Xcc /Users/user10/Library/Developer/Xcode/DerivedData/FMS-copxibfkabtvmrbyolvvxdatkaup/Build/Intermediates.noindex/FMS.build/Debug-iphonesimulator/FMS.build/FMS-project-headers.hmap -Xcc -I/Users/user10/Library/Developer/Xcode/DerivedData/FMS-copxibfkabtvmrbyolvvxdatkaup/Build/Products/Debug-iphonesimulator/include -Xcc -I/Users/user10/Library/Developer/Xcode/DerivedData/FMS-copxibfkabtvmrbyolvvxdatkaup/Build/Intermediates.noindex/FMS.build/Debug-iphonesimulator/FMS.build/DerivedSources-normal/arm64 -Xcc -I/Users/user10/Library/Developer/Xcode/DerivedData/FMS-copxibfkabtvmrbyolvvxdatkaup/Build/Intermediates.noindex/FMS.build/Debug-iphonesimulator/FMS.build/DerivedSources/arm64 -Xcc -I/Users/user10/Library/Developer/Xcode/DerivedData/FMS-copxibfkabtvmrbyolvvxdatkaup/Build/Intermediates.noindex/FMS.build/Debug-iphonesimulator/FMS.build/DerivedSources -Xcc -DDEBUG\=1 -emit-objc-header -emit-objc-header-path /Users/user10/Library/Developer/Xcode/DerivedData/FMS-copxibfkabtvmrbyolvvxdatkaup/Build/Intermediates.noindex/FMS.build/Debug-iphonesimulator/FMS.build/Objects-normal/arm64/FMS-Swift.h -working-directory /Users/user10/FMS -experimental-emit-module-separately -disable-cmo
/Users/user10/FMS/FMS/Services/SupabaseService.swift:16:5: error: attribute 'public' can only be used in a non-local scope
    public func upload(bucket: String, path: String, fileData: Data) async throws -> URL {
    ^
/Users/user10/FMS/FMS/Services/SupabaseService.swift:33:1: error: expected '}' in class

^
/Users/user10/FMS/FMS/Services/SupabaseService.swift:5:36: note: to match this opening '{'
public final class SupabaseService {
                                   ^
/Users/user10/FMS/FMS/Views/VehicleDetails/VehicleDocumentsView.swift:378:5: error: extraneous '}' at top level
    }
    ^
    
/Users/user10/FMS/FMS/Views/VehicleDetails/VehicleDocumentsView.swift:440:1: error: extraneous '}' at top level
}
^
/Users/user10/FMS/FMS/Services/SupabaseService.swift:16:5: error: Attribute 'public' can only be used in a non-local scope
    public func upload(bucket: String, path: String, fileData: Data) async throws -> URL {
    ^ (in target 'FMS' from project 'FMS')
/Users/user10/FMS/FMS/Services/SupabaseService.swift:33:1: error: Expected '}' in class

^ (in target 'FMS' from project 'FMS')
/Users/user10/FMS/FMS/Services/SupabaseService.swift:5:36: note: To match this opening '{'
public final class SupabaseService {
                                   ^ (in target 'FMS' from project 'FMS')
/Users/user10/FMS/FMS/Views/VehicleDetails/VehicleDocumentsView.swift:378:5: error: Extraneous '}' at top level
    }
    ^
     (in target 'FMS' from project 'FMS')
/Users/user10/FMS/FMS/Views/VehicleDetails/VehicleDocumentsView.swift:440:1: error: Extraneous '}' at top level
}
^ (in target 'FMS' from project 'FMS')

RegisterExecutionPolicyException /Users/user10/Library/Developer/Xcode/DerivedData/FMS-copxibfkabtvmrbyolvvxdatkaup/Build/Products/Debug-iphonesimulator/XCTestDynamicOverlay.o (in target 'XCTestDynamicOverlay' from project 'xctest-dynamic-overlay')
    cd /Users/user10/Library/Developer/Xcode/DerivedData/FMS-copxibfkabtvmrbyolvvxdatkaup/SourcePackages/checkouts/xctest-dynamic-overlay
    builtin-RegisterExecutionPolicyException /Users/user10/Library/Developer/Xcode/DerivedData/FMS-copxibfkabtvmrbyolvvxdatkaup/Build/Products/Debug-iphonesimulator/XCTestDynamicOverlay.o

Ld /Users/user10/Library/Developer/Xcode/DerivedData/FMS-copxibfkabtvmrbyolvvxdatkaup/Build/Products/Debug-iphonesimulator/Helpers.o normal (in target 'Helpers' from project 'Supabase')
    cd /Users/user10/Library/Developer/Xcode/DerivedData/FMS-copxibfkabtvmrbyolvvxdatkaup/SourcePackages/checkouts/supabase-swift
    /Applications/Xcode.app/Contents/Developer/Toolchains/XcodeDefault.xctoolchain/usr/bin/clang -Xlinker -reproducible -target arm64-apple-ios13.0-simulator -r -isysroot /Applications/Xcode.app/Contents/Developer/Platforms/iPhoneSimulator.platform/Developer/SDKs/iPhoneSimulator26.2.sdk -O0 -w -L/Users/user10/Library/Developer/Xcode/DerivedData/FMS-copxibfkabtvmrbyolvvxdatkaup/Build/Intermediates.noindex/EagerLinkingTBDs/Debug-iphonesimulator -L/Users/user10/Library/Developer/Xcode/DerivedData/FMS-copxibfkabtvmrbyolvvxdatkaup/Build/Products/Debug-iphonesimulator -L/Applications/Xcode.app/Contents/Developer/Platforms/iPhoneSimulator.platform/Developer/usr/lib -F/Users/user10/Library/Developer/Xcode/DerivedData/FMS-copxibfkabtvmrbyolvvxdatkaup/Build/Intermediates.noindex/EagerLinkingTBDs/Debug-iphonesimulator -F/Users/user10/Library/Developer/Xcode/DerivedData/FMS-copxibfkabtvmrbyolvvxdatkaup/Build/Products/Debug-iphonesimulator/PackageFrameworks -F/Users/user10/Library/Developer/Xcode/DerivedData/FMS-copxibfkabtvmrbyolvvxdatkaup/Build/Products/Debug-iphonesimulator/PackageFrameworks -F/Users/user10/Library/Developer/Xcode/DerivedData/FMS-copxibfkabtvmrbyolvvxdatkaup/Build/Products/Debug-iphonesimulator/PackageFrameworks -F/Users/user10/Library/Developer/Xcode/DerivedData/FMS-copxibfkabtvmrbyolvvxdatkaup/Build/Products/Debug-iphonesimulator/PackageFrameworks -F/Users/user10/Library/Developer/Xcode/DerivedData/FMS-copxibfkabtvmrbyolvvxdatkaup/Build/Products/Debug-iphonesimulator/PackageFrameworks -F/Users/user10/Library/Developer/Xcode/DerivedData/FMS-copxibfkabtvmrbyolvvxdatkaup/Build/Products/Debug-iphonesimulator/PackageFrameworks -F/Users/user10/Library/Developer/Xcode/DerivedData/FMS-copxibfkabtvmrbyolvvxdatkaup/Build/Products/Debug-iphonesimulator -iframework /Applications/Xcode.app/Contents/Developer/Platforms/iPhoneSimulator.platform/Developer/Library/Frameworks -iframework /Applications/Xcode.app/Contents/Developer/Platforms/iPhoneSimulator.platform/Developer/SDKs/iPhoneSimulator26.2.sdk/Developer/Library/Frameworks -filelist /Users/user10/Library/Developer/Xcode/DerivedData/FMS-copxibfkabtvmrbyolvvxdatkaup/Build/Intermediates.noindex/Supabase.build/Debug-iphonesimulator/Helpers.build/Objects-normal/arm64/Helpers.LinkFileList -nostdlib -Xlinker -object_path_lto -Xlinker /Users/user10/Library/Developer/Xcode/DerivedData/FMS-copxibfkabtvmrbyolvvxdatkaup/Build/Intermediates.noindex/Supabase.build/Debug-iphonesimulator/Helpers.build/Objects-normal/arm64/Helpers_lto.o -rdynamic -Xlinker -no_deduplicate -Xlinker -objc_abi_version -Xlinker 2 -Xlinker -dependency_info -Xlinker /Users/user10/Library/Developer/Xcode/DerivedData/FMS-copxibfkabtvmrbyolvvxdatkaup/Build/Intermediates.noindex/Supabase.build/Debug-iphonesimulator/Helpers.build/Objects-normal/arm64/Helpers_dependency_info.dat -fobjc-link-runtime -L/Applications/Xcode.app/Contents/Developer/Toolchains/XcodeDefault.xctoolchain/usr/lib/swift/iphonesimulator -L/usr/lib/swift -Xlinker -add_ast_path -Xlinker /Users/user10/Library/Developer/Xcode/DerivedData/FMS-copxibfkabtvmrbyolvvxdatkaup/Build/Intermediates.noindex/Supabase.build/Debug-iphonesimulator/Helpers.build/Objects-normal/arm64/Helpers.swiftmodule @/Users/user10/Library/Developer/Xcode/DerivedData/FMS-copxibfkabtvmrbyolvvxdatkaup/Build/Intermediates.noindex/Supabase.build/Debug-iphonesimulator/Helpers.build/Objects-normal/arm64/Helpers-linker-args.resp -o /Users/user10/Library/Developer/Xcode/DerivedData/FMS-copxibfkabtvmrbyolvvxdatkaup/Build/Products/Debug-iphonesimulator/Helpers.o

ExtractAppIntentsMetadata (in target 'Helpers' from project 'Supabase')
    cd /Users/user10/Library/Developer/Xcode/DerivedData/FMS-copxibfkabtvmrbyolvvxdatkaup/SourcePackages/checkouts/supabase-swift
    /Applications/Xcode.app/Contents/Developer/Toolchains/XcodeDefault.xctoolchain/usr/bin/appintentsmetadataprocessor --toolchain-dir /Applications/Xcode.app/Contents/Developer/Toolchains/XcodeDefault.xctoolchain --module-name Helpers --sdk-root /Applications/Xcode.app/Contents/Developer/Platforms/iPhoneSimulator.platform/Developer/SDKs/iPhoneSimulator26.2.sdk --xcode-version 17C52 --platform-family iOS --deployment-target 13.0 --bundle-identifier supabase-swift.Helpers --output /Users/user10/Library/Developer/Xcode/DerivedData/FMS-copxibfkabtvmrbyolvvxdatkaup/Build/Products/Debug-iphonesimulator/Helpers.appintents --target-triple arm64-apple-ios13.0-simulator --binary-file /Users/user10/Library/Developer/Xcode/DerivedData/FMS-copxibfkabtvmrbyolvvxdatkaup/Build/Products/Debug-iphonesimulator/Helpers.o --dependency-file /Users/user10/Library/Developer/Xcode/DerivedData/FMS-copxibfkabtvmrbyolvvxdatkaup/Build/Intermediates.noindex/Supabase.build/Debug-iphonesimulator/Helpers.build/Objects-normal/arm64/Helpers_dependency_info.dat --stringsdata-file /Users/user10/Library/Developer/Xcode/DerivedData/FMS-copxibfkabtvmrbyolvvxdatkaup/Build/Intermediates.noindex/Supabase.build/Debug-iphonesimulator/Helpers.build/Objects-normal/arm64/ExtractedAppShortcutsMetadata.stringsdata --source-file-list /Users/user10/Library/Developer/Xcode/DerivedData/FMS-copxibfkabtvmrbyolvvxdatkaup/Build/Intermediates.noindex/Supabase.build/Debug-iphonesimulator/Helpers.build/Objects-normal/arm64/Helpers.SwiftFileList --metadata-file-list /Users/user10/Library/Developer/Xcode/DerivedData/FMS-copxibfkabtvmrbyolvvxdatkaup/Build/Intermediates.noindex/Supabase.build/Debug-iphonesimulator/Helpers.build/Helpers.DependencyMetadataFileList --static-metadata-file-list /Users/user10/Library/Developer/Xcode/DerivedData/FMS-copxibfkabtvmrbyolvvxdatkaup/Build/Intermediates.noindex/Supabase.build/Debug-iphonesimulator/Helpers.build/Helpers.DependencyStaticMetadataFileList --swift-const-vals-list /Users/user10/Library/Developer/Xcode/DerivedData/FMS-copxibfkabtvmrbyolvvxdatkaup/Build/Intermediates.noindex/Supabase.build/Debug-iphonesimulator/Helpers.build/Objects-normal/arm64/Helpers.SwiftConstValuesFileList --force --compile-time-extraction --deployment-aware-processing --validate-assistant-intents --no-app-shortcuts-localization
2026-03-15 11:09:40.974 appintentsmetadataprocessor[89977:2332102] Starting appintentsmetadataprocessor export
2026-03-15 11:09:41.106 appintentsmetadataprocessor[89977:2332102] Extracted no relevant App Intents symbols, skipping writing output

RegisterExecutionPolicyException /Users/user10/Library/Developer/Xcode/DerivedData/FMS-copxibfkabtvmrbyolvvxdatkaup/Build/Products/Debug-iphonesimulator/Helpers.o (in target 'Helpers' from project 'Supabase')
    cd /Users/user10/Library/Developer/Xcode/DerivedData/FMS-copxibfkabtvmrbyolvvxdatkaup/SourcePackages/checkouts/supabase-swift
    builtin-RegisterExecutionPolicyException /Users/user10/Library/Developer/Xcode/DerivedData/FMS-copxibfkabtvmrbyolvvxdatkaup/Build/Products/Debug-iphonesimulator/Helpers.o

Ld /Users/user10/Library/Developer/Xcode/DerivedData/FMS-copxibfkabtvmrbyolvvxdatkaup/Build/Products/Debug-iphonesimulator/Realtime.o normal (in target 'Realtime' from project 'Supabase')
    cd /Users/user10/Library/Developer/Xcode/DerivedData/FMS-copxibfkabtvmrbyolvvxdatkaup/SourcePackages/checkouts/supabase-swift
    /Applications/Xcode.app/Contents/Developer/Toolchains/XcodeDefault.xctoolchain/usr/bin/clang -Xlinker -reproducible -target arm64-apple-ios13.0-simulator -r -isysroot /Applications/Xcode.app/Contents/Developer/Platforms/iPhoneSimulator.platform/Developer/SDKs/iPhoneSimulator26.2.sdk -O0 -w -L/Users/user10/Library/Developer/Xcode/DerivedData/FMS-copxibfkabtvmrbyolvvxdatkaup/Build/Intermediates.noindex/EagerLinkingTBDs/Debug-iphonesimulator -L/Users/user10/Library/Developer/Xcode/DerivedData/FMS-copxibfkabtvmrbyolvvxdatkaup/Build/Products/Debug-iphonesimulator -L/Applications/Xcode.app/Contents/Developer/Platforms/iPhoneSimulator.platform/Developer/usr/lib -F/Users/user10/Library/Developer/Xcode/DerivedData/FMS-copxibfkabtvmrbyolvvxdatkaup/Build/Intermediates.noindex/EagerLinkingTBDs/Debug-iphonesimulator -F/Users/user10/Library/Developer/Xcode/DerivedData/FMS-copxibfkabtvmrbyolvvxdatkaup/Build/Products/Debug-iphonesimulator/PackageFrameworks -F/Users/user10/Library/Developer/Xcode/DerivedData/FMS-copxibfkabtvmrbyolvvxdatkaup/Build/Products/Debug-iphonesimulator/PackageFrameworks -F/Users/user10/Library/Developer/Xcode/DerivedData/FMS-copxibfkabtvmrbyolvvxdatkaup/Build/Products/Debug-iphonesimulator/PackageFrameworks -F/Users/user10/Library/Developer/Xcode/DerivedData/FMS-copxibfkabtvmrbyolvvxdatkaup/Build/Products/Debug-iphonesimulator/PackageFrameworks -F/Users/user10/Library/Developer/Xcode/DerivedData/FMS-copxibfkabtvmrbyolvvxdatkaup/Build/Products/Debug-iphonesimulator/PackageFrameworks -F/Users/user10/Library/Developer/Xcode/DerivedData/FMS-copxibfkabtvmrbyolvvxdatkaup/Build/Products/Debug-iphonesimulator/PackageFrameworks -F/Users/user10/Library/Developer/Xcode/DerivedData/FMS-copxibfkabtvmrbyolvvxdatkaup/Build/Products/Debug-iphonesimulator/PackageFrameworks -F/Users/user10/Library/Developer/Xcode/DerivedData/FMS-copxibfkabtvmrbyolvvxdatkaup/Build/Products/Debug-iphonesimulator -iframework /Applications/Xcode.app/Contents/Developer/Platforms/iPhoneSimulator.platform/Developer/Library/Frameworks -iframework /Applications/Xcode.app/Contents/Developer/Platforms/iPhoneSimulator.platform/Developer/SDKs/iPhoneSimulator26.2.sdk/Developer/Library/Frameworks -filelist /Users/user10/Library/Developer/Xcode/DerivedData/FMS-copxibfkabtvmrbyolvvxdatkaup/Build/Intermediates.noindex/Supabase.build/Debug-iphonesimulator/Realtime.build/Objects-normal/arm64/Realtime.LinkFileList -nostdlib -Xlinker -object_path_lto -Xlinker /Users/user10/Library/Developer/Xcode/DerivedData/FMS-copxibfkabtvmrbyolvvxdatkaup/Build/Intermediates.noindex/Supabase.build/Debug-iphonesimulator/Realtime.build/Objects-normal/arm64/Realtime_lto.o -rdynamic -Xlinker -no_deduplicate -Xlinker -objc_abi_version -Xlinker 2 -Xlinker -dependency_info -Xlinker /Users/user10/Library/Developer/Xcode/DerivedData/FMS-copxibfkabtvmrbyolvvxdatkaup/Build/Intermediates.noindex/Supabase.build/Debug-iphonesimulator/Realtime.build/Objects-normal/arm64/Realtime_dependency_info.dat -fobjc-link-runtime -L/Applications/Xcode.app/Contents/Developer/Toolchains/XcodeDefault.xctoolchain/usr/lib/swift/iphonesimulator -L/usr/lib/swift -Xlinker -add_ast_path -Xlinker /Users/user10/Library/Developer/Xcode/DerivedData/FMS-copxibfkabtvmrbyolvvxdatkaup/Build/Intermediates.noindex/Supabase.build/Debug-iphonesimulator/Realtime.build/Objects-normal/arm64/Realtime.swiftmodule @/Users/user10/Library/Developer/Xcode/DerivedData/FMS-copxibfkabtvmrbyolvvxdatkaup/Build/Intermediates.noindex/Supabase.build/Debug-iphonesimulator/Realtime.build/Objects-normal/arm64/Realtime-linker-args.resp -o /Users/user10/Library/Developer/Xcode/DerivedData/FMS-copxibfkabtvmrbyolvvxdatkaup/Build/Products/Debug-iphonesimulator/Realtime.o

Ld /Users/user10/Library/Developer/Xcode/DerivedData/FMS-copxibfkabtvmrbyolvvxdatkaup/Build/Products/Debug-iphonesimulator/Storage.o normal (in target 'Storage' from project 'Supabase')
    cd /Users/user10/Library/Developer/Xcode/DerivedData/FMS-copxibfkabtvmrbyolvvxdatkaup/SourcePackages/checkouts/supabase-swift
    /Applications/Xcode.app/Contents/Developer/Toolchains/XcodeDefault.xctoolchain/usr/bin/clang -Xlinker -reproducible -target arm64-apple-ios13.0-simulator -r -isysroot /Applications/Xcode.app/Contents/Developer/Platforms/iPhoneSimulator.platform/Developer/SDKs/iPhoneSimulator26.2.sdk -O0 -w -L/Users/user10/Library/Developer/Xcode/DerivedData/FMS-copxibfkabtvmrbyolvvxdatkaup/Build/Intermediates.noindex/EagerLinkingTBDs/Debug-iphonesimulator -L/Users/user10/Library/Developer/Xcode/DerivedData/FMS-copxibfkabtvmrbyolvvxdatkaup/Build/Products/Debug-iphonesimulator -L/Applications/Xcode.app/Contents/Developer/Platforms/iPhoneSimulator.platform/Developer/usr/lib -F/Users/user10/Library/Developer/Xcode/DerivedData/FMS-copxibfkabtvmrbyolvvxdatkaup/Build/Intermediates.noindex/EagerLinkingTBDs/Debug-iphonesimulator -F/Users/user10/Library/Developer/Xcode/DerivedData/FMS-copxibfkabtvmrbyolvvxdatkaup/Build/Products/Debug-iphonesimulator/PackageFrameworks -F/Users/user10/Library/Developer/Xcode/DerivedData/FMS-copxibfkabtvmrbyolvvxdatkaup/Build/Products/Debug-iphonesimulator/PackageFrameworks -F/Users/user10/Library/Developer/Xcode/DerivedData/FMS-copxibfkabtvmrbyolvvxdatkaup/Build/Products/Debug-iphonesimulator/PackageFrameworks -F/Users/user10/Library/Developer/Xcode/DerivedData/FMS-copxibfkabtvmrbyolvvxdatkaup/Build/Products/Debug-iphonesimulator/PackageFrameworks -F/Users/user10/Library/Developer/Xcode/DerivedData/FMS-copxibfkabtvmrbyolvvxdatkaup/Build/Products/Debug-iphonesimulator/PackageFrameworks -F/Users/user10/Library/Developer/Xcode/DerivedData/FMS-copxibfkabtvmrbyolvvxdatkaup/Build/Products/Debug-iphonesimulator/PackageFrameworks -F/Users/user10/Library/Developer/Xcode/DerivedData/FMS-copxibfkabtvmrbyolvvxdatkaup/Build/Products/Debug-iphonesimulator/PackageFrameworks -F/Users/user10/Library/Developer/Xcode/DerivedData/FMS-copxibfkabtvmrbyolvvxdatkaup/Build/Products/Debug-iphonesimulator -iframework /Applications/Xcode.app/Contents/Developer/Platforms/iPhoneSimulator.platform/Developer/Library/Frameworks -iframework /Applications/Xcode.app/Contents/Developer/Platforms/iPhoneSimulator.platform/Developer/SDKs/iPhoneSimulator26.2.sdk/Developer/Library/Frameworks -filelist /Users/user10/Library/Developer/Xcode/DerivedData/FMS-copxibfkabtvmrbyolvvxdatkaup/Build/Intermediates.noindex/Supabase.build/Debug-iphonesimulator/Storage.build/Objects-normal/arm64/Storage.LinkFileList -nostdlib -Xlinker -object_path_lto -Xlinker /Users/user10/Library/Developer/Xcode/DerivedData/FMS-copxibfkabtvmrbyolvvxdatkaup/Build/Intermediates.noindex/Supabase.build/Debug-iphonesimulator/Storage.build/Objects-normal/arm64/Storage_lto.o -rdynamic -Xlinker -no_deduplicate -Xlinker -objc_abi_version -Xlinker 2 -Xlinker -dependency_info -Xlinker /Users/user10/Library/Developer/Xcode/DerivedData/FMS-copxibfkabtvmrbyolvvxdatkaup/Build/Intermediates.noindex/Supabase.build/Debug-iphonesimulator/Storage.build/Objects-normal/arm64/Storage_dependency_info.dat -fobjc-link-runtime -L/Applications/Xcode.app/Contents/Developer/Toolchains/XcodeDefault.xctoolchain/usr/lib/swift/iphonesimulator -L/usr/lib/swift -Xlinker -add_ast_path -Xlinker /Users/user10/Library/Developer/Xcode/DerivedData/FMS-copxibfkabtvmrbyolvvxdatkaup/Build/Intermediates.noindex/Supabase.build/Debug-iphonesimulator/Storage.build/Objects-normal/arm64/Storage.swiftmodule @/Users/user10/Library/Developer/Xcode/DerivedData/FMS-copxibfkabtvmrbyolvvxdatkaup/Build/Intermediates.noindex/Supabase.build/Debug-iphonesimulator/Storage.build/Objects-normal/arm64/Storage-linker-args.resp -o /Users/user10/Library/Developer/Xcode/DerivedData/FMS-copxibfkabtvmrbyolvvxdatkaup/Build/Products/Debug-iphonesimulator/Storage.o

Ld /Users/user10/Library/Developer/Xcode/DerivedData/FMS-copxibfkabtvmrbyolvvxdatkaup/Build/Products/Debug-iphonesimulator/Functions.o normal (in target 'Functions' from project 'Supabase')
    cd /Users/user10/Library/Developer/Xcode/DerivedData/FMS-copxibfkabtvmrbyolvvxdatkaup/SourcePackages/checkouts/supabase-swift
    /Applications/Xcode.app/Contents/Developer/Toolchains/XcodeDefault.xctoolchain/usr/bin/clang -Xlinker -reproducible -target arm64-apple-ios13.0-simulator -r -isysroot /Applications/Xcode.app/Contents/Developer/Platforms/iPhoneSimulator.platform/Developer/SDKs/iPhoneSimulator26.2.sdk -O0 -w -L/Users/user10/Library/Developer/Xcode/DerivedData/FMS-copxibfkabtvmrbyolvvxdatkaup/Build/Intermediates.noindex/EagerLinkingTBDs/Debug-iphonesimulator -L/Users/user10/Library/Developer/Xcode/DerivedData/FMS-copxibfkabtvmrbyolvvxdatkaup/Build/Products/Debug-iphonesimulator -L/Applications/Xcode.app/Contents/Developer/Platforms/iPhoneSimulator.platform/Developer/usr/lib -F/Users/user10/Library/Developer/Xcode/DerivedData/FMS-copxibfkabtvmrbyolvvxdatkaup/Build/Intermediates.noindex/EagerLinkingTBDs/Debug-iphonesimulator -F/Users/user10/Library/Developer/Xcode/DerivedData/FMS-copxibfkabtvmrbyolvvxdatkaup/Build/Products/Debug-iphonesimulator/PackageFrameworks -F/Users/user10/Library/Developer/Xcode/DerivedData/FMS-copxibfkabtvmrbyolvvxdatkaup/Build/Products/Debug-iphonesimulator/PackageFrameworks -F/Users/user10/Library/Developer/Xcode/DerivedData/FMS-copxibfkabtvmrbyolvvxdatkaup/Build/Products/Debug-iphonesimulator/PackageFrameworks -F/Users/user10/Library/Developer/Xcode/DerivedData/FMS-copxibfkabtvmrbyolvvxdatkaup/Build/Products/Debug-iphonesimulator/PackageFrameworks -F/Users/user10/Library/Developer/Xcode/DerivedData/FMS-copxibfkabtvmrbyolvvxdatkaup/Build/Products/Debug-iphonesimulator/PackageFrameworks -F/Users/user10/Library/Developer/Xcode/DerivedData/FMS-copxibfkabtvmrbyolvvxdatkaup/Build/Products/Debug-iphonesimulator/PackageFrameworks -F/Users/user10/Library/Developer/Xcode/DerivedData/FMS-copxibfkabtvmrbyolvvxdatkaup/Build/Products/Debug-iphonesimulator/PackageFrameworks -F/Users/user10/Library/Developer/Xcode/DerivedData/FMS-copxibfkabtvmrbyolvvxdatkaup/Build/Products/Debug-iphonesimulator -iframework /Applications/Xcode.app/Contents/Developer/Platforms/iPhoneSimulator.platform/Developer/Library/Frameworks -iframework /Applications/Xcode.app/Contents/Developer/Platforms/iPhoneSimulator.platform/Developer/SDKs/iPhoneSimulator26.2.sdk/Developer/Library/Frameworks -filelist /Users/user10/Library/Developer/Xcode/DerivedData/FMS-copxibfkabtvmrbyolvvxdatkaup/Build/Intermediates.noindex/Supabase.build/Debug-iphonesimulator/Functions.build/Objects-normal/arm64/Functions.LinkFileList -nostdlib -Xlinker -object_path_lto -Xlinker /Users/user10/Library/Developer/Xcode/DerivedData/FMS-copxibfkabtvmrbyolvvxdatkaup/Build/Intermediates.noindex/Supabase.build/Debug-iphonesimulator/Functions.build/Objects-normal/arm64/Functions_lto.o -rdynamic -Xlinker -no_deduplicate -Xlinker -objc_abi_version -Xlinker 2 -Xlinker -dependency_info -Xlinker /Users/user10/Library/Developer/Xcode/DerivedData/FMS-copxibfkabtvmrbyolvvxdatkaup/Build/Intermediates.noindex/Supabase.build/Debug-iphonesimulator/Functions.build/Objects-normal/arm64/Functions_dependency_info.dat -fobjc-link-runtime -L/Applications/Xcode.app/Contents/Developer/Toolchains/XcodeDefault.xctoolchain/usr/lib/swift/iphonesimulator -L/usr/lib/swift -Xlinker -add_ast_path -Xlinker /Users/user10/Library/Developer/Xcode/DerivedData/FMS-copxibfkabtvmrbyolvvxdatkaup/Build/Intermediates.noindex/Supabase.build/Debug-iphonesimulator/Functions.build/Objects-normal/arm64/Functions.swiftmodule @/Users/user10/Library/Developer/Xcode/DerivedData/FMS-copxibfkabtvmrbyolvvxdatkaup/Build/Intermediates.noindex/Supabase.build/Debug-iphonesimulator/Functions.build/Objects-normal/arm64/Functions-linker-args.resp -o /Users/user10/Library/Developer/Xcode/DerivedData/FMS-copxibfkabtvmrbyolvvxdatkaup/Build/Products/Debug-iphonesimulator/Functions.o

Ld /Users/user10/Library/Developer/Xcode/DerivedData/FMS-copxibfkabtvmrbyolvvxdatkaup/Build/Products/Debug-iphonesimulator/PostgREST.o normal (in target 'PostgREST' from project 'Supabase')
    cd /Users/user10/Library/Developer/Xcode/DerivedData/FMS-copxibfkabtvmrbyolvvxdatkaup/SourcePackages/checkouts/supabase-swift
    /Applications/Xcode.app/Contents/Developer/Toolchains/XcodeDefault.xctoolchain/usr/bin/clang -Xlinker -reproducible -target arm64-apple-ios13.0-simulator -r -isysroot /Applications/Xcode.app/Contents/Developer/Platforms/iPhoneSimulator.platform/Developer/SDKs/iPhoneSimulator26.2.sdk -O0 -w -L/Users/user10/Library/Developer/Xcode/DerivedData/FMS-copxibfkabtvmrbyolvvxdatkaup/Build/Intermediates.noindex/EagerLinkingTBDs/Debug-iphonesimulator -L/Users/user10/Library/Developer/Xcode/DerivedData/FMS-copxibfkabtvmrbyolvvxdatkaup/Build/Products/Debug-iphonesimulator -L/Applications/Xcode.app/Contents/Developer/Platforms/iPhoneSimulator.platform/Developer/usr/lib -F/Users/user10/Library/Developer/Xcode/DerivedData/FMS-copxibfkabtvmrbyolvvxdatkaup/Build/Intermediates.noindex/EagerLinkingTBDs/Debug-iphonesimulator -F/Users/user10/Library/Developer/Xcode/DerivedData/FMS-copxibfkabtvmrbyolvvxdatkaup/Build/Products/Debug-iphonesimulator/PackageFrameworks -F/Users/user10/Library/Developer/Xcode/DerivedData/FMS-copxibfkabtvmrbyolvvxdatkaup/Build/Products/Debug-iphonesimulator/PackageFrameworks -F/Users/user10/Library/Developer/Xcode/DerivedData/FMS-copxibfkabtvmrbyolvvxdatkaup/Build/Products/Debug-iphonesimulator/PackageFrameworks -F/Users/user10/Library/Developer/Xcode/DerivedData/FMS-copxibfkabtvmrbyolvvxdatkaup/Build/Products/Debug-iphonesimulator/PackageFrameworks -F/Users/user10/Library/Developer/Xcode/DerivedData/FMS-copxibfkabtvmrbyolvvxdatkaup/Build/Products/Debug-iphonesimulator/PackageFrameworks -F/Users/user10/Library/Developer/Xcode/DerivedData/FMS-copxibfkabtvmrbyolvvxdatkaup/Build/Products/Debug-iphonesimulator/PackageFrameworks -F/Users/user10/Library/Developer/Xcode/DerivedData/FMS-copxibfkabtvmrbyolvvxdatkaup/Build/Products/Debug-iphonesimulator/PackageFrameworks -F/Users/user10/Library/Developer/Xcode/DerivedData/FMS-copxibfkabtvmrbyolvvxdatkaup/Build/Products/Debug-iphonesimulator -iframework /Applications/Xcode.app/Contents/Developer/Platforms/iPhoneSimulator.platform/Developer/Library/Frameworks -iframework /Applications/Xcode.app/Contents/Developer/Platforms/iPhoneSimulator.platform/Developer/SDKs/iPhoneSimulator26.2.sdk/Developer/Library/Frameworks -filelist /Users/user10/Library/Developer/Xcode/DerivedData/FMS-copxibfkabtvmrbyolvvxdatkaup/Build/Intermediates.noindex/Supabase.build/Debug-iphonesimulator/PostgREST.build/Objects-normal/arm64/PostgREST.LinkFileList -nostdlib -Xlinker -object_path_lto -Xlinker /Users/user10/Library/Developer/Xcode/DerivedData/FMS-copxibfkabtvmrbyolvvxdatkaup/Build/Intermediates.noindex/Supabase.build/Debug-iphonesimulator/PostgREST.build/Objects-normal/arm64/PostgREST_lto.o -rdynamic -Xlinker -no_deduplicate -Xlinker -objc_abi_version -Xlinker 2 -Xlinker -dependency_info -Xlinker /Users/user10/Library/Developer/Xcode/DerivedData/FMS-copxibfkabtvmrbyolvvxdatkaup/Build/Intermediates.noindex/Supabase.build/Debug-iphonesimulator/PostgREST.build/Objects-normal/arm64/PostgREST_dependency_info.dat -fobjc-link-runtime -L/Applications/Xcode.app/Contents/Developer/Toolchains/XcodeDefault.xctoolchain/usr/lib/swift/iphonesimulator -L/usr/lib/swift -Xlinker -add_ast_path -Xlinker /Users/user10/Library/Developer/Xcode/DerivedData/FMS-copxibfkabtvmrbyolvvxdatkaup/Build/Intermediates.noindex/Supabase.build/Debug-iphonesimulator/PostgREST.build/Objects-normal/arm64/PostgREST.swiftmodule @/Users/user10/Library/Developer/Xcode/DerivedData/FMS-copxibfkabtvmrbyolvvxdatkaup/Build/Intermediates.noindex/Supabase.build/Debug-iphonesimulator/PostgREST.build/Objects-normal/arm64/PostgREST-linker-args.resp -o /Users/user10/Library/Developer/Xcode/DerivedData/FMS-copxibfkabtvmrbyolvvxdatkaup/Build/Products/Debug-iphonesimulator/PostgREST.o

ExtractAppIntentsMetadata (in target 'Crypto' from project 'swift-crypto')
    cd /Users/user10/Library/Developer/Xcode/DerivedData/FMS-copxibfkabtvmrbyolvvxdatkaup/SourcePackages/checkouts/swift-crypto
    /Applications/Xcode.app/Contents/Developer/Toolchains/XcodeDefault.xctoolchain/usr/bin/appintentsmetadataprocessor --toolchain-dir /Applications/Xcode.app/Contents/Developer/Toolchains/XcodeDefault.xctoolchain --module-name Crypto --sdk-root /Applications/Xcode.app/Contents/Developer/Platforms/iPhoneSimulator.platform/Developer/SDKs/iPhoneSimulator26.2.sdk --xcode-version 17C52 --platform-family iOS --deployment-target 12.0 --bundle-identifier swift-crypto.Crypto --output /Users/user10/Library/Developer/Xcode/DerivedData/FMS-copxibfkabtvmrbyolvvxdatkaup/Build/Products/Debug-iphonesimulator/Crypto.appintents --target-triple arm64-apple-ios12.0-simulator --binary-file /Users/user10/Library/Developer/Xcode/DerivedData/FMS-copxibfkabtvmrbyolvvxdatkaup/Build/Products/Debug-iphonesimulator/Crypto.o --dependency-file /Users/user10/Library/Developer/Xcode/DerivedData/FMS-copxibfkabtvmrbyolvvxdatkaup/Build/Intermediates.noindex/swift-crypto.build/Debug-iphonesimulator/Crypto.build/Objects-normal/arm64/Crypto_dependency_info.dat --stringsdata-file /Users/user10/Library/Developer/Xcode/DerivedData/FMS-copxibfkabtvmrbyolvvxdatkaup/Build/Intermediates.noindex/swift-crypto.build/Debug-iphonesimulator/Crypto.build/Objects-normal/arm64/ExtractedAppShortcutsMetadata.stringsdata --source-file-list /Users/user10/Library/Developer/Xcode/DerivedData/FMS-copxibfkabtvmrbyolvvxdatkaup/Build/Intermediates.noindex/swift-crypto.build/Debug-iphonesimulator/Crypto.build/Objects-normal/arm64/Crypto.SwiftFileList --metadata-file-list /Users/user10/Library/Developer/Xcode/DerivedData/FMS-copxibfkabtvmrbyolvvxdatkaup/Build/Intermediates.noindex/swift-crypto.build/Debug-iphonesimulator/Crypto.build/Crypto.DependencyMetadataFileList --static-metadata-file-list /Users/user10/Library/Developer/Xcode/DerivedData/FMS-copxibfkabtvmrbyolvvxdatkaup/Build/Intermediates.noindex/swift-crypto.build/Debug-iphonesimulator/Crypto.build/Crypto.DependencyStaticMetadataFileList --swift-const-vals-list /Users/user10/Library/Developer/Xcode/DerivedData/FMS-copxibfkabtvmrbyolvvxdatkaup/Build/Intermediates.noindex/swift-crypto.build/Debug-iphonesimulator/Crypto.build/Objects-normal/arm64/Crypto.SwiftConstValuesFileList --force --compile-time-extraction --deployment-aware-processing --validate-assistant-intents --no-app-shortcuts-localization
2026-03-15 11:09:41.137 appintentsmetadataprocessor[89982:2332117] Starting appintentsmetadataprocessor export
2026-03-15 11:09:41.233 appintentsmetadataprocessor[89982:2332117] Extracted no relevant App Intents symbols, skipping writing output

RegisterExecutionPolicyException /Users/user10/Library/Developer/Xcode/DerivedData/FMS-copxibfkabtvmrbyolvvxdatkaup/Build/Products/Debug-iphonesimulator/Crypto.o (in target 'Crypto' from project 'swift-crypto')
    cd /Users/user10/Library/Developer/Xcode/DerivedData/FMS-copxibfkabtvmrbyolvvxdatkaup/SourcePackages/checkouts/swift-crypto
    builtin-RegisterExecutionPolicyException /Users/user10/Library/Developer/Xcode/DerivedData/FMS-copxibfkabtvmrbyolvvxdatkaup/Build/Products/Debug-iphonesimulator/Crypto.o

Ld /Users/user10/Library/Developer/Xcode/DerivedData/FMS-copxibfkabtvmrbyolvvxdatkaup/Build/Products/Debug-iphonesimulator/Auth.o normal (in target 'Auth' from project 'Supabase')
    cd /Users/user10/Library/Developer/Xcode/DerivedData/FMS-copxibfkabtvmrbyolvvxdatkaup/SourcePackages/checkouts/supabase-swift
    /Applications/Xcode.app/Contents/Developer/Toolchains/XcodeDefault.xctoolchain/usr/bin/clang -Xlinker -reproducible -target arm64-apple-ios13.0-simulator -r -isysroot /Applications/Xcode.app/Contents/Developer/Platforms/iPhoneSimulator.platform/Developer/SDKs/iPhoneSimulator26.2.sdk -O0 -w -L/Users/user10/Library/Developer/Xcode/DerivedData/FMS-copxibfkabtvmrbyolvvxdatkaup/Build/Intermediates.noindex/EagerLinkingTBDs/Debug-iphonesimulator -L/Users/user10/Library/Developer/Xcode/DerivedData/FMS-copxibfkabtvmrbyolvvxdatkaup/Build/Products/Debug-iphonesimulator -L/Applications/Xcode.app/Contents/Developer/Platforms/iPhoneSimulator.platform/Developer/usr/lib -F/Users/user10/Library/Developer/Xcode/DerivedData/FMS-copxibfkabtvmrbyolvvxdatkaup/Build/Intermediates.noindex/EagerLinkingTBDs/Debug-iphonesimulator -F/Users/user10/Library/Developer/Xcode/DerivedData/FMS-copxibfkabtvmrbyolvvxdatkaup/Build/Products/Debug-iphonesimulator/PackageFrameworks -F/Users/user10/Library/Developer/Xcode/DerivedData/FMS-copxibfkabtvmrbyolvvxdatkaup/Build/Products/Debug-iphonesimulator/PackageFrameworks -F/Users/user10/Library/Developer/Xcode/DerivedData/FMS-copxibfkabtvmrbyolvvxdatkaup/Build/Products/Debug-iphonesimulator/PackageFrameworks -F/Users/user10/Library/Developer/Xcode/DerivedData/FMS-copxibfkabtvmrbyolvvxdatkaup/Build/Products/Debug-iphonesimulator/PackageFrameworks -F/Users/user10/Library/Developer/Xcode/DerivedData/FMS-copxibfkabtvmrbyolvvxdatkaup/Build/Products/Debug-iphonesimulator/PackageFrameworks -F/Users/user10/Library/Developer/Xcode/DerivedData/FMS-copxibfkabtvmrbyolvvxdatkaup/Build/Products/Debug-iphonesimulator/PackageFrameworks -F/Users/user10/Library/Developer/Xcode/DerivedData/FMS-copxibfkabtvmrbyolvvxdatkaup/Build/Products/Debug-iphonesimulator/PackageFrameworks -F/Users/user10/Library/Developer/Xcode/DerivedData/FMS-copxibfkabtvmrbyolvvxdatkaup/Build/Products/Debug-iphonesimulator/PackageFrameworks -F/Users/user10/Library/Developer/Xcode/DerivedData/FMS-copxibfkabtvmrbyolvvxdatkaup/Build/Products/Debug-iphonesimulator -iframework /Applications/Xcode.app/Contents/Developer/Platforms/iPhoneSimulator.platform/Developer/Library/Frameworks -iframework /Applications/Xcode.app/Contents/Developer/Platforms/iPhoneSimulator.platform/Developer/SDKs/iPhoneSimulator26.2.sdk/Developer/Library/Frameworks -filelist /Users/user10/Library/Developer/Xcode/DerivedData/FMS-copxibfkabtvmrbyolvvxdatkaup/Build/Intermediates.noindex/Supabase.build/Debug-iphonesimulator/Auth.build/Objects-normal/arm64/Auth.LinkFileList -nostdlib -Xlinker -object_path_lto -Xlinker /Users/user10/Library/Developer/Xcode/DerivedData/FMS-copxibfkabtvmrbyolvvxdatkaup/Build/Intermediates.noindex/Supabase.build/Debug-iphonesimulator/Auth.build/Objects-normal/arm64/Auth_lto.o -rdynamic -Xlinker -no_deduplicate -Xlinker -objc_abi_version -Xlinker 2 -Xlinker -dependency_info -Xlinker /Users/user10/Library/Developer/Xcode/DerivedData/FMS-copxibfkabtvmrbyolvvxdatkaup/Build/Intermediates.noindex/Supabase.build/Debug-iphonesimulator/Auth.build/Objects-normal/arm64/Auth_dependency_info.dat -fobjc-link-runtime -L/Applications/Xcode.app/Contents/Developer/Toolchains/XcodeDefault.xctoolchain/usr/lib/swift/iphonesimulator -L/usr/lib/swift -Xlinker -add_ast_path -Xlinker /Users/user10/Library/Developer/Xcode/DerivedData/FMS-copxibfkabtvmrbyolvvxdatkaup/Build/Intermediates.noindex/Supabase.build/Debug-iphonesimulator/Auth.build/Objects-normal/arm64/Auth.swiftmodule @/Users/user10/Library/Developer/Xcode/DerivedData/FMS-copxibfkabtvmrbyolvvxdatkaup/Build/Intermediates.noindex/Supabase.build/Debug-iphonesimulator/Auth.build/Objects-normal/arm64/Auth-linker-args.resp -o /Users/user10/Library/Developer/Xcode/DerivedData/FMS-copxibfkabtvmrbyolvvxdatkaup/Build/Products/Debug-iphonesimulator/Auth.o

** BUILD FAILED **


The following build commands failed:
	SwiftDriver FMS normal arm64 com.apple.xcode.tools.swift.compiler (in target 'FMS' from project 'FMS')
	Building project FMS with scheme FMS and configuration Debug
(2 failures)
